// Jest Snapshot v1, https://goo.gl/fbAQLP

exports[`should correctly render FacebookFanpage widget on sidebar 1`] = `
<div>
  <Facebook
    cookie={false}
    domain="connect.facebook.net"
    frictionlessRequests={false}
    language="en_US"
    status={false}
    version="v2.9"
    wait={false}
    xfbml={false}
  >
    <Page
      href="https://www.facebook.com/MyPocketLife"
      tabs="timeline"
    />
  </Facebook>
</div>
`;
